  401400      8E5 Code                ABBREAK_TEXT
  401CE8     4FFC Code                ABBROWSE_TEXT
  406CE4     112F Code                ABEIP_TEXT
  407E14     28AC Code                ABERROR_TEXT
  40A6C0     680F Code                ABFILE_TEXT
  410ED0      159 Code                ABFUZZY_TEXT
  41102C     21E0 Code                ABPOPUP_TEXT
  41320C     27AD Code                ABQUERY_TEXT
  4159BC     4EAB Code                ABREPORT_TEXT
  41A868       91 Code                ABRESIZE_TEXT
  41A8FC       37 Code                ABRPATMG_TEXT
  41A934      9E3 Code                ABRPPSEL_TEXT
  41B318      8C0 Code                ABTOOLBA_TEXT
  41BBD8     4125 Code                ABUTIL_TEXT
  41FD00     1C12 Code                ABWINDOW_TEXT
  421914     55DA Code                ABWMFPAR_TEXT
  426EF0     69DA Code                APLIKACIJA001_TEXT
  42D8CC     3603 Code                APLIKACIJA002_TEXT
  430ED0     23D5 Code                APLIKACIJA_BC0_TEXT
  4332A8       13 Code                APLIKACIJA_BC_TEXT
  4332BC       B0 Code                APLIKACIJA_TEXT
  43336C     3E27 Code                BRWEXT_TEXT
  437194       80 Code                CWSYNCHC_TEXT
  437214       23 Code                IEXE32_TEXT
  437238      72F Code                INIT_TEXT
  437968       37 Code                INST00_TEXT
  438000     1172 Initialized Data    $DEFAULTERRORS_DATA
  439174       6F Initialized Data    ABBREAK_CONST
  4391E4       FD Initialized Data    ABBROWSE_CONST
  4392E4      B14 Initialized Data    ABBROWSE_DATA
  439DF8       23 Initialized Data    ABEIP_CONST
  439E1C       B4 Initialized Data    ABEIP_DATA
  439ED0      16F Initialized Data    ABERROR_CONST
  43A040      A7C Initialized Data    ABERROR_DATA
  43AABC       C1 Initialized Data    ABFILE_CONST
  43AB80      3F8 Initialized Data    ABFILE_DATA
  43AF78       B4 Initialized Data    ABFUZZY_DATA
  43B02C       2D Initialized Data    ABPOPUP_CONST
  43B05C      120 Initialized Data    ABPOPUP_DATA
  43B17C       D6 Initialized Data    ABQUERY_CONST
  43B254       87 Initialized Data    ABQUERY_DATA
  43B2DC       E2 Initialized Data    ABREPORT_CONST
  43B3C0      850 Initialized Data    ABREPORT_DATA
  43BC10        9 Initialized Data    ABRPATMG_CONST
  43BC1C       44 Initialized Data    ABRPATMG_DATA
  43BC60       75 Initialized Data    ABRPPSEL_CONST
  43BCD8       A3 Initialized Data    ABRPPSEL_DATA
  43BD7C      390 Initialized Data    ABTOOLBA_DATA
  43C10C       8A Initialized Data    ABUTIL_CONST
  43C198      49D Initialized Data    ABUTIL_DATA
  43C638       9B Initialized Data    ABWINDOW_DATA
  43C6D4      104 Initialized Data    ABWMFPAR_CONST
  43C7D8      E45 Initialized Data    ABWMFPAR_DATA
  43D620      204 Initialized Data    APLIKACIJA001_CONST
  43D824     4CF4 Initialized Data    APLIKACIJA001_DATA
  442518      174 Initialized Data    APLIKACIJA002_CONST
  44268C     252C Initialized Data    APLIKACIJA002_DATA
  444BB8      39A Initialized Data    APLIKACIJA_BC0_CONST
  444F54     1D00 Initialized Data    APLIKACIJA_BC0_DATA
  446C54      244 Initialized Data    APLIKACIJA_CONST
  446E98      49C Initialized Data    APLIKACIJA_DATA
  447334       25 Initialized Data    BRWEXT_CONST
  44735C       60 Initialized Data    BRWEXT_DATA
  4473BC       48 Initialized Data    CWSYNCHC_DATA
  447404        E Initialized Data    CWUTIL_CONST
  447414       36 Initialized Data    CWUTIL_DATA
  44744C       44 Initialized Data    IEXE32_DATA
  447490        0 Initialized Data    __CPPINI_CONS
  447490      2BC Initialized Data    __CPPINI_CONST
  44774C        4 Initialized Data    __CPPINI_END
  447750        0 Initialized Data    __INIVMT_CONS
  447750      2A0 Initialized Data    __INIVMT_CONST
  4479F0        0 Initialized Data    __INIVMT_CONST_END
  4479F0     1623 Un-initialized Data $FUZZYMATCHER_BSS
  449014       40 Un-initialized Data ABEIP_BSS
  449054      404 Un-initialized Data ABERROR_BSS
  449458       10 Un-initialized Data ABFILE_BSS
  449468        4 Un-initialized Data ABFUZZY_BSS
  44946C      104 Un-initialized Data ABUTIL_BSS
  449570        0 Un-initialized Data ABWMFPAR_BSS
  449570      14C Un-initialized Data APLIKACIJA_BSS
  4496BC        0 Un-initialized Data CWUTIL_BSS
  44A000        8 __T_L_S__DAT
  44A008      824 __T_L_S__DATA
  44A82C        0 __T_L_S__DATA_END
  44A830        0 __T_L_S__BS
  44A830    128F4 __T_L_S__BSS
  45D124        0 __T_L_S__BSS_END

  401400 EVALUATELEVEL@F17LEVELMANAGERCLASSs
  40148C RESTORERESETBUFFER@F17LEVELMANAGERCLASSs
  401504 SAVERESETBUFFER@F17LEVELMANAGERCLASSs
  40159C RESTOREBUFFEROFF@F17LEVELMANAGERCLASS
  4015F0 RESTOREBUFFERON@F17LEVELMANAGERCLASS
  40165C SAVEBUFFER@F17LEVELMANAGERCLASS
  4016B0 REFRESHFIELDS@F17LEVELMANAGERCLASSs
  4017E8 RESETTOTALS@F17LEVELMANAGERCLASSs
  4018BC ASKLEVELOFF@F17LEVELMANAGERCLASSs
  401984 ASKLEVELON@F17LEVELMANAGERCLASSs
  4019F0 ASKLEVEL@F17LEVELMANAGERCLASSUc
  401AB0 RESET@F17LEVELMANAGERCLASS
  401C3C ASKBREAK@F17BREAKMANAGERCLASSUc
  401C94 RESET@F17BREAKMANAGERCLASS
  401CE8 KILL_@_WINDOWCOMPONENT_@_BROWSECLASS@F15WINDOWCOMPONENT
  401CF8 RESET_@_WINDOWCOMPONENT_@_BROWSECLASS@F15WINDOWCOMPONENTUc
  401D0C RESETREQUIRED_@_WINDOWCOMPONENT_@_BROWSECLASS@F15WINDOWCOMPONENT
  401D1C SETALERTS_@_WINDOWCOMPONENT_@_BROWSECLASS@F15WINDOWCOMPONENT
  401D30 TAKEEVENT_@_WINDOWCOMPONENT_@_BROWSECLASS@F15WINDOWCOMPONENT
  401D44 UPDATE_@_WINDOWCOMPONENT_@_BROWSECLASS@F15WINDOWCOMPONENT
  401D58 UPDATEWINDOW_@_WINDOWCOMPONENT_@_BROWSECLASS@F15WINDOWCOMPONENT
  401D6C UPDATEWINDOW@F11BROWSECLASS
  401F4C UPDATEVIEWRECORD@F11BROWSECLASS
  402030 UPDATETOOLBARBUTTONS@F11BROWSECLASS
  4020B8 UPDATETHUMBFIXED@F11BROWSECLASS
  402268 UPDATETHUMB@F11BROWSECLASS
  40250C UPDATERESETS@F11BROWSECLASS
  402520 UPDATEBUFFER@F11BROWSECLASS
  402558 TAKEVCRSCROLL@F11BROWSECLASSl
  402640 TAKESCROLL@F11BROWSECLASSl
  4026C4 TAKENEWSELECTION@F11BROWSECLASS
  402878 TAKELOCATE@F11BROWSECLASS
  402B70 TAKEKEY@F11BROWSECLASS
  402E14 TAKEEVENT@F11BROWSECLASS
  403578 TAKECHOICECHANGED@F11BROWSECLASS
  4035E0 TAKEACCEPTEDLOCATOR@F11BROWSECLASS
  4036D4 GETUSEMRP@F11BROWSECLASS
  4036D8 SETUSEMRP@F11BROWSECLASSUc
  4036DC SETUSEPOPUP@F11BROWSECLASSUc
  4036E0 SETSORT@F11BROWSECLASSUcUc
  40381C SETQUEUERECORD@F11BROWSECLASS
  40383C SETALERTS@F11BROWSECLASS
  403D50 SCROLLPAGE@F11BROWSECLASSl
  403E90 SCROLLONE@F11BROWSECLASSl
  403EF0 SCROLLEND@F11BROWSECLASSl
  403F68 SAVESORT@F11BROWSECLASS
  40405C RESTORESORT@F11BROWSECLASS
  404160 RESETTHUMBLIMITS@F11BROWSECLASS
  40429C RESETSORT@F11BROWSECLASSUc
  4042C0 RESETRESETS@F11BROWSECLASS
  4043C4 RESETQUEUE@F11BROWSECLASSUc
  404984 RESETFROMVIEW@F11BROWSECLASS
  4049CC RESETFROMFILE@F11BROWSECLASS
  4049F0 RESETFROMBUFFER@F11BROWSECLASS
  404BEC RESETFROMASK@F11BROWSECLASSRUcRUc
  404DE4 REPLACESORT@F11BROWSECLASSsb12LOCATORCLASS9STEPCLASS
  404EBC RECORDS@F11BROWSECLASS
  404F24 PREVIOUS@F11BROWSECLASS
  404F70 POSTNEWSELECTION@F11BROWSECLASS
  404FC8 NOTIFYUPDATEERROR@F11BROWSECLASS
  404FE8 NEXT@F11BROWSECLASS
  405034 KILL@F11BROWSECLASS
  405278 INITSORT@F11BROWSECLASSUc
  4052CC INIT@F11BROWSECLASS12ILISTCONTROLBi11BROWSEQUEUE15RELATIONMANAGER13WINDOWMANAGER
  4053CC INIT@F11BROWSECLASSlRsbBiBq15RELATIONMANAGER13WINDOWMANAGER
  405430 FETCH@F11BROWSECLASSUc
  4056BC CHECKEIP@F11BROWSECLASS
  405780 ASKRECORD@F11BROWSECLASSUc
  405794 ASK@F11BROWSECLASSUc
  405864 APPLYRANGE@F11BROWSECLASS
  4058D0 ADDTOOLBARTARGET@F11BROWSECLASS12TOOLBARCLASS
  405924 ADDSORTORDER@F11BROWSECLASS9STEPCLASSBk
  4059A0 ADDLOCATOR@F11BROWSECLASS12LOCATORCLASS
  4059BC ADDFIELD@F11BROWSECLASSRsbRsb
  405A18 ADDFIELD@F11BROWSECLASSRlRl
  405A78 ADDFIELD@F11BROWSECLASSRuRu
  405AB8 SETLOCATORFROMSORT@F11BROWSECLASS
  405B54 RECORDS_@_BROWSEQUEUE_@_STANDARDBEHAVIOR@F11BROWSEQUEUE
  405B60 INSERT_@_BROWSEQUEUE_@_STANDARDBEHAVIOR@F11BROWSEQUEUE
  405B6C INSERT_@_BROWSEQUEUE_@_STANDARDBEHAVIOR@F11BROWSEQUEUEl
  405B78 FETCH_@_BROWSEQUEUE_@_STANDARDBEHAVIOR@F11BROWSEQUEUEl
  405B84 UPDATE_@_BROWSEQUEUE_@_STANDARDBEHAVIOR@F11BROWSEQUEUE
  405B90 DELETE_@_BROWSEQUEUE_@_STANDARDBEHAVIOR@F11BROWSEQUEUE
  405B9C FREE_@_BROWSEQUEUE_@_STANDARDBEHAVIOR@F11BROWSEQUEUE
  405BA8 WHO_@_BROWSEQUEUE_@_STANDARDBEHAVIOR@F11BROWSEQUEUEl
  405BB8 GETVIEWPOSITION_@_BROWSEQUEUE_@_STANDARDBEHAVIOR@F11BROWSEQUEUE
  405BD0 SETVIEWPOSITION_@_BROWSEQUEUE_@_STANDARDBEHAVIOR@F11BROWSEQUEUEsb
  405C08 CHOICE_@_ILISTCONTROL_@_STANDARDBEHAVIOR@F12ILISTCONTROL
  405C14 GETCONTROL_@_ILISTCONTROL_@_STANDARDBEHAVIOR@F12ILISTCONTROL
  405C18 GETITEMS_@_ILISTCONTROL_@_STANDARDBEHAVIOR@F12ILISTCONTROL
  405C4C GETVISIBLE_@_ILISTCONTROL_@_STANDARDBEHAVIOR@F12ILISTCONTROL
  405C80 SETCHOICE_@_ILISTCONTROL_@_STANDARDBEHAVIOR@F12ILISTCONTROLl
  405CD4 SETCONTROL_@_ILISTCONTROL_@_STANDARDBEHAVIOR@F12ILISTCONTROLl
  405CD8 INIT@F16STANDARDBEHAVIORBqRsbl
  405CF0 TAKENEWSELECTION@F16BROWSEEIPMANAGER
  405D88 TAKECOMPLETED@F16BROWSEEIPMANAGERUc
  405F70 KILL@F16BROWSEEIPMANAGER
  405FA4 INIT@F16BROWSEEIPMANAGER
  406368 CLEARCOLUMN@F16BROWSEEIPMANAGER
  4063B0 UPDATEWINDOW@F17ENTRYLOCATORCLASS
  4063C0 UPDATE@F17ENTRYLOCATORCLASS
  4064B4 TAKEKEY@F17ENTRYLOCATORCLASS
  40650C TAKEACCEPTED@F17ENTRYLOCATORCLASS
  4065C4 SETSHADOW@F17ENTRYLOCATORCLASSsb
  406600 SET@F17ENTRYLOCATORCLASS
  40666C GETSHADOW@F17ENTRYLOCATORCLASS
  40667C INIT@F17ENTRYLOCATORCLASSlRuUc
  406714 TAKEKEY@F16STEPLOCATORCLASS
  406940 SET@F16STEPLOCATORCLASS
  406944 INIT@F16STEPLOCATORCLASSlRuUc
  40696C UPDATEWINDOW@F12LOCATORCLASS
  406974 TAKEACCEPTED@F12LOCATORCLASS
  406978 SETSHADOW@F12LOCATORCLASSsb
  406994 SETENABLED@F12LOCATORCLASSUc
  4069D8 SETALERTS@F12LOCATORCLASSl
  4069DC SETLOCATORFIELD@F12LOCATORCLASSRu
  406A30 SET@F12LOCATORCLASS
  406A60 RESET@F12LOCATORCLASS
  406A64 INIT@F12LOCATORCLASSlRuUc11BROWSECLASS
  406A98 INIT@F12LOCATORCLASSlRuUc
  406AB4 GETSHADOW@F12LOCATORCLASS
  406AD0 DESTRUCT@F12LOCATORCLASS
  406AE4 SETLIMIT@F13STEPLONGCLASSuu
  406BD0 GETVALUE@F13STEPLONGCLASSUc
  406C30 GETPERCENTILE@F13STEPLONGCLASSu
  406CD8 SETLIMITNEEDED@F9STEPCLASS
  406CDC KILL@F9STEPCLASS
  406CE0 INIT@F9STEPCLASSUc
  406CE4 TAKENEWSELECTION@F10EIPMANAGER
  406D5C TAKEFOCUSLOSS@F10EIPMANAGER
  406DB0 TAKEFIELDEVENT@F10EIPMANAGER
  406F00 TAKEEVENT@F10EIPMANAGER
  406F90 TAKECOMPLETED@F10EIPMANAGERUc
  406FDC TAKEACTION@F10EIPMANAGERl
  4072E4 TAKEACCEPTALL@F10EIPMANAGER
  407430 RUN@F10EIPMANAGERUc
  4074C8 RESETCOLUMN@F10EIPMANAGER
  407590 GETEDIT@F10EIPMANAGER
  4075EC NEXT@F10EIPMANAGER
  4076C8 KILL@F10EIPMANAGER
  407850 INITCONTROLS@F10EIPMANAGER
  407A5C INIT@F10EIPMANAGER
  407AC8 CLEARCOLUMN@F10EIPMANAGER
  407B10 ADDCONTROL@F10EIPMANAGER9EDITCLASSlUc
  407B6C CREATECONTROL@F14EDITENTRYCLASS
  407B90 RESETCONTROL@F9EDITCLASS
  407B94 GETFEQ@F9EDITCLASS
  407B98 TAKEEVENT@F9EDITCLASSl
  407BE0 TAKEACCEPTED@F9EDITCLASSUc
  407BF8 SETREADONLY@F9EDITCLASSUc
  407C54 SETALERTS@F9EDITCLASS
  407D54 KILL@F9EDITCLASS
  407D84 INIT@F9EDITCLASSllRu
  407F30 KILL_@_WINDOWCOMPONENT_@_HISTHANDLERCLASS@F15WINDOWCOMPONENT
  407F34 RESET_@_WINDOWCOMPONENT_@_HISTHANDLERCLASS@F15WINDOWCOMPONENTUc
  407F38 RESETREQUIRED_@_WINDOWCOMPONENT_@_HISTHANDLERCLASS@F15WINDOWCOMPONENT
  407F3C SETALERTS_@_WINDOWCOMPONENT_@_HISTHANDLERCLASS@F15WINDOWCOMPONENT
  407F40 TAKEEVENT_@_WINDOWCOMPONENT_@_HISTHANDLERCLASS@F15WINDOWCOMPONENT
  407F48 UPDATE_@_WINDOWCOMPONENT_@_HISTHANDLERCLASS@F15WINDOWCOMPONENT
  407F4C UPDATEWINDOW_@_WINDOWCOMPONENT_@_HISTHANDLERCLASS@F15WINDOWCOMPONENT
  407F60 VLBPROC@F16HISTHANDLERCLASSls
  40800C TAKEEVENT@F16HISTHANDLERCLASS
  4080D4 INIT@F16HISTHANDLERCLASSBw10ERRORCLASS16ERRORHISTORYLIST
  4080E0 _VLBPROC@F16HISTHANDLERCLASSls
  4080F0 TAKEACCEPTED@F11MSGBOXCLASS
  40812C SETUPADDITIONALFEQS@F11MSGBOXCLASS
  4081B4 KILL@F11MSGBOXCLASS
  4081F4 INIT@F11MSGBOXCLASS
  4084A4 INIT@F11MSGBOXCLASSBw10ERRORCLASSOsbllll
  40853C FETCHSTDBUTTON@F11MSGBOXCLASSs
  408570 GETALLSTATUSVARIABLES@F10ERRORCLASS16ERRORSTATUSGROUP
  4085A0 GETERRORBUFFERFATALITY@F10ERRORCLASS
  4085D0 GETERRORBUFFERTITLE@F10ERRORCLASS
  408608 GETERRORBUFFERID@F10ERRORCLASS
  40862C SETMESSAGETEXT@F10ERRORCLASSsb
  40867C SETKEYNAME@F10ERRORCLASSsb
  4086CC SETFIELDNAME@F10ERRORCLASSsb
  40871C SETFILENAME@F10ERRORCLASSsb
  40876C STOREERRORENTRY@F10ERRORCLASSUs
  40889C GETHISTORYRESETONVIEW@F10ERRORCLASS
  4088E8 SETHISTORYRESETONVIEW@F10ERRORCLASSUc
  408930 GETHISTORYVIEWLEVEL@F10ERRORCLASS
  40897C SETHISTORYVIEWLEVEL@F10ERRORCLASSl
  4089C4 GETHISTORYTHRESHOLD@F10ERRORCLASS
  408A10 SETHISTORYTHRESHOLD@F10ERRORCLASSl
  408A58 GETLOGERRORS@F10ERRORCLASS
  408AA4 GETSILENT@F10ERRORCLASS
  408AF0 SETDEFAULTCATEGORY@F10ERRORCLASSsa
  408B38 GETDEFAULTCATEGORY@F10ERRORCLASS
  408B84 VIEWHISTORY@F10ERRORCLASS
  408BB0 THROWMESSAGE@F10ERRORCLASSssb
  408C00 THROW@F10ERRORCLASSs
  408C14 TAKEUSER@F10ERRORCLASS
  408C70 TAKEPROGRAM@F10ERRORCLASS
  408C78 TAKEOTHER@F10ERRORCLASS
  408C80 TAKENOTIFY@F10ERRORCLASS
  408CCC TAKEFATAL@F10ERRORCLASS
  408D58 TAKEERROR@F10ERRORCLASSs
  408F5C TAKEBENIGN@F10ERRORCLASS
  408F60 SUBSSTRING@F10ERRORCLASS
  40930C SETPROCEDURENAME@F10ERRORCLASSOsb
  4093BC GETERRORENTRY@F10ERRORCLASSUs15ERRORENTRYGROUPl
  409460 GETERRORENTRY@F10ERRORCLASSUs15ERRORENTRYGROUP
  409494 SETID@F10ERRORCLASSUsl
  4094CC SETID@F10ERRORCLASSUs
  4094E8 SETKEY@F10ERRORCLASSsb
  409524 SETFILE@F10ERRORCLASSsb
  409560 SETFIELD@F10ERRORCLASSsb
  40959C SETERRORS@F10ERRORCLASS
  409620 SETERRORLOG@F10ERRORCLASS17ERRORLOGINTERFACE
  4096C0 SETCATEGORY@F10ERRORCLASSssa
  40970C RESETHISTORY@F10ERRORCLASS
  409734 REMOVEERROR@F10ERRORCLASSUs
  409774 MESSAGEBOX@F10ERRORCLASSUcsbOsbOsblll
  40980C MSG@F10ERRORCLASSsbOsbOsblll
  409B58 MESSAGE@F10ERRORCLASSsll
  409BBC KILL@F10ERRORCLASS
  409C60 INIT@F10ERRORCLASS16ERRORSTATUSCLASS
  409CBC INIT@F10ERRORCLASS
  409D90 HISTORYMSG@F10ERRORCLASSsblll
  409F50 GETPROCEDURENAME@F10ERRORCLASS
  40A024 GETCATEGORY@F10ERRORCLASSs
  40A0AC ADDHISTORY@F10ERRORCLASS
  40A0DC ADDERRORS@F10ERRORCLASS10ERRORBLOCK
  40A288 ADDERROR@F10ERRORCLASSUsRsbRsbUcsa
  40A334 DESTRUCT@F10ERRORCLASS
  40A350 CONSTRUCT@F10ERRORCLASS
  40A368 DESTRUCT@F16ERRORSTATUSCLASS
  40A39C CONSTRUCT@F16ERRORSTATUSCLASS
  40A4D4 CLOSE_@_ERRORLOGINTERFACE_@_STANDARDERRORLOGCLASS@F17ERRORLOGINTERFACEUc
  40A4DC OPEN_@_ERRORLOGINTERFACE_@_STANDARDERRORLOGCLASS@F17ERRORLOGINTERFACEUc
  40A4E4 TAKE_@_ERRORLOGINTERFACE_@_STANDARDERRORLOGCLASS@F17ERRORLOGINTERFACEsb
  40A588 CLOSE@F21STANDARDERRORLOGCLASSUc
  40A604 OPEN@F21STANDARDERRORLOGCLASSUc
  40A6AC DESTRUCT@F21STANDARDERRORLOGCLASS
  40A6B8 CONSTRUCT@F21STANDARDERRORLOGCLASS
  40A6C0 REMOVERELATIONFILEMAPPING@F12FILESMANAGER15RELATIONMANAGER
  40A6E0 REMOVERELATIONFILEMAPPING@F12FILESMANAGERl
  40A6FC REMOVEFILEMAPPING@F12FILESMANAGER11FILEMANAGER
  40A718 REMOVEFILEMAPPING@F12FILESMANAGERl
  40A7B4 NOTEUSAGE@F12FILESMANAGER11FILEMANAGERUc
  40A88C NOTEOPEN@F12FILESMANAGER11FILEMANAGER
  40A8D0 NOTECLOSE@F12FILESMANAGER11FILEMANAGER
  40A960 GETRELATIONFILEMAPPING@F12FILESMANAGERl
  40A998 GETFILEMAPPING@F12FILESMANAGERl
  40A9D0 GETFILEID@F12FILESMANAGERBf
  40A9E8 FINDRECORD@F12FILESMANAGER11FILEMANAGER
  40AA94 ADDFILEMAPPING@F12FILESMANAGER15RELATIONMANAGER
  40AAF0 ADDFILEMAPPING@F12FILESMANAGER11FILEMANAGER
  40AB4C DESTRUCT@F12FILESMANAGER
  40AB8C CONSTRUCT@F12FILESMANAGER
  40B2E4 OPENFILE_@_IFILEOPENSERVER_@_UNTHREADEDFILEOPENSERVER@F15IFILEOPENSERVERl
  40B374 CLOSEFILE_@_IFILEOPENSERVER_@_UNTHREADEDFILEOPENSERVER@F15IFILEOPENSERVER
  40B3F4 LINK_@_IFILEOPENSERVER_@_UNTHREADEDFILEOPENSERVER@F15IFILEOPENSERVER
  40B444 RELEASE_@_IFILEOPENSERVER_@_UNTHREADEDFILEOPENSERVER@F15IFILEOPENSERVER
  40B4D0 INIT@F24UNTHREADEDFILEOPENSERVERBf
  40B4E4 DESTRUCT@F24UNTHREADEDFILEOPENSERVER
  40B508 CONSTRUCT@F24UNTHREADEDFILEOPENSERVER
  40B538 OPENFILE_@_IFILEOPENSERVER_@_THREADEDFILEOPENSERVER@F15IFILEOPENSERVERl
  40B564 CLOSEFILE_@_IFILEOPENSERVER_@_THREADEDFILEOPENSERVER@F15IFILEOPENSERVER
  40B574 LINK_@_IFILEOPENSERVER_@_THREADEDFILEOPENSERVER@F15IFILEOPENSERVER
  40B580 RELEASE_@_IFILEOPENSERVER_@_THREADEDFILEOPENSERVER@F15IFILEOPENSERVER
  40B58C RELEASE@F14FILEOPENSERVER
  40B5AC LINK@F14FILEOPENSERVER
  40B5B0 INIT@F14FILEOPENSERVERBf
  40B5B4 DESTRUCT@F14FILEOPENSERVER
  40B5B8 CONSTRUCT@F14FILEOPENSERVER
  40B5DC VALIDATERECORD@F11VIEWMANAGER
  40B5E0 UNUSEVIEW@F11VIEWMANAGER
  40B678 USEVIEW@F11VIEWMANAGER
  40B73C SETSORT@F11VIEWMANAGERUc
  40B768 SETORDER@F11VIEWMANAGERsb
  40B7F8 SETFREEELEMENT@F11VIEWMANAGER
  40B874 SETFILTER@F11VIEWMANAGERsbsb
  40B9B0 SETFILTER@F11VIEWMANAGERsb
  40B9F8 SAVEBUFFERS@F11VIEWMANAGER
  40BAA8 RESTOREBUFFERS@F11VIEWMANAGER
  40BB10 RESET@F11VIEWMANAGER
  40BB1C RESET@F11VIEWMANAGERUc
  40BB64 PRIMERECORD@F11VIEWMANAGERUc
  40BCA8 PREVIOUS@F11VIEWMANAGER
  40BD0C OPEN@F11VIEWMANAGER
  40BD88 NEXT@F11VIEWMANAGER
  40BDEC LIMITMAJORCOMPONENTS@F11VIEWMANAGERRu
  40BEA8 KILL@F11VIEWMANAGER
  40C000 GETFIRSTSORTFIELD@F11VIEWMANAGER
  40C2DC GETFIELDASCENDING@F11VIEWMANAGERRu
  40C634 INIT@F11VIEWMANAGERBi15RELATIONMANAGER9SORTORDER
  40C694 GETFREEELEMENTPOSITION@F11VIEWMANAGER
  40C6EC GETFREEELEMENTNAME@F11VIEWMANAGER
  40C740 GETFREEELEMENTASCENDING@F11VIEWMANAGER
  40C798 CLEARFILESRECORD@F11VIEWMANAGER
  40C850 CLOSE@F11VIEWMANAGERUc
  40C86C CLOSE@F11VIEWMANAGER
  40C878 APPLYRANGE@F11VIEWMANAGER
  40CA44 APPLYORDER@F11VIEWMANAGER
  40CA9C APPLYFILTER@F11VIEWMANAGER
  40D000 APPENDORDER@F11VIEWMANAGERsb
  40D0E0 ADDSORTORDER@F11VIEWMANAGERBk
  40D1AC ADDRANGE@F11VIEWMANAGERRu15RELATIONMANAGER15RELATIONMANAGER
  40D1D4 ADDRANGE@F11VIEWMANAGERRu
  40D234 DESTRUCT@F11VIEWMANAGER
  40D248 DEFEREDADDRELATIONS@F15RELATIONMANAGER
  40D278 UPDATESECONDARY@F15RELATIONMANAGERBk18BUFFEREDPAIRSCLASSUc
  40D434 UPDATE@F15RELATIONMANAGERUc
  40D674 INSERT@F15RELATIONMANAGER
  40D7CC SETOPENRELATED@F15RELATIONMANAGER
  40D7D4 SETQUICKSCAN@F15RELATIONMANAGERUcUc
  40D8E0 SAVE@F15RELATIONMANAGER
  40D928 FORCEOPEN@F15RELATIONMANAGERUc
  40D938 OPEN@F15RELATIONMANAGERUc
  40D960 OPENCLOSESERVER@F15RELATIONMANAGERUcUc
  40DAE4 LOGOUTINSERT@F15RELATIONMANAGER
  40DB78 LOGOUTUPDATE@F15RELATIONMANAGER
  40DBE4 LOGOUTPRIME@F15RELATIONMANAGER
  40DCC4 LOGOUTDELETE@F15RELATIONMANAGER
  40DD40 LISTLINKINGFIELDS@F15RELATIONMANAGER15RELATIONMANAGER15FIELDPAIRSCLASSUc
  40DEB0 KILL@F15RELATIONMANAGER
  40DF34 INIT@F15RELATIONMANAGER11FILEMANAGERUc
  40DF98 DELETESECONDARY@F15RELATIONMANAGERBk18BUFFEREDPAIRSCLASSUcUc
  40E294 DELETE@F15RELATIONMANAGERUc
  40E4E0 CLOSE@F15RELATIONMANAGERUc
  40E4EC CASCADEUPDATES@F15RELATIONMANAGER
  40E5C8 CANCELAUTOINC@F15RELATIONMANAGER
  40E5DC ADDRELATIONLINK@F15RELATIONMANAGERRlRl
  40E644 ADDRELATIONLINK@F15RELATIONMANAGERRuRu
  40E690 ADDRELATION@F15RELATIONMANAGER15RELATIONMANAGERUcUcBk
  40E6F0 ADDRELATION@F15RELATIONMANAGER15RELATIONMANAGER
  40E71C DEFEREDRELATIONS@F15RELATIONMANAGER
  40E744 CONSTRUCT@F15RELATIONMANAGER
  40E74C FUNCTIONCALLED_@_FILECALLBACKINTERFACE_@_FILEMANAGER@F21FILECALLBACKINTERFACEl6PARAMSRscRsc
  40E7F8 FUNCTIONDONE_@_FILECALLBACKINTERFACE_@_FILEMANAGER@F21FILECALLBACKINTERFACEl6PARAMSRscRsc
  40E944 POSTUPDATE@F11FILEMANAGERRscRsc
  40E94C PREUPDATE@F11FILEMANAGERllRscRsc
  40E954 POSTINSERT@F11FILEMANAGERRscRsc
  40E95C PREINSERT@F11FILEMANAGERllRscRsc
  40E964 POSTDELETE@F11FILEMANAGERRscRsc
  40E96C PREDELETE@F11FILEMANAGERRscRsc
  40E974 FUNCTIONDONE@F11FILEMANAGERl6PARAMSRscRsc
  40EA14 FUNCTIONCALLED@F11FILEMANAGERl6PARAMSRscRsc
  40EAC0 GETAUTOINCDONE@F11FILEMANAGER
  40EAC8 GETMRPSIZE@F11FILEMANAGER
  40EAD0 SETMRPSIZE@F11FILEMANAGERUc
  40EAD8 GETUSEMRP@F11FILEMANAGER
  40EAE0 SETUSEMRP@F11FILEMANAGERUc
  40EAE8 DELETED@F11FILEMANAGER
  40EAEC DELETERECORD@F11FILEMANAGERUc
  40EB40 VALIDATERECORD@F11FILEMANAGERPl
  40EBF8 VALIDATEFIELDS@F11FILEMANAGERllPl
  40ECB4 VALIDATEFIELDSERVER@F11FILEMANAGERlUc
  40ED20 TRYVALIDATEFIELD@F11FILEMANAGERl
  40ED30 VALIDATEFIELD@F11FILEMANAGERl
  40ED40 USEFILE@F11FILEMANAGERUc
  40EE34 UPDATESERVER@F11FILEMANAGERUc
  40EF2C UPDATE@F11FILEMANAGER
  40EF38 TRYUPDATE@F11FILEMANAGER
  40EF44 TRYREGET@F11FILEMANAGERsb
  40EFEC TRYPRIMEAUTOINC@F11FILEMANAGER
  40EFF8 TRYPREVIOUS@F11FILEMANAGER
  40F008 TRYOPEN@F11FILEMANAGER
  40F018 TRYNEXT@F11FILEMANAGER
  40F028 TRYINSERT@F11FILEMANAGER
  40F034 TRYFETCH@F11FILEMANAGERBk
  40F07C THROWMESSAGE@F11FILEMANAGERUssb
  40F0D0 THROW@F11FILEMANAGER
  40F0F4 THROW@F11FILEMANAGERUs
  40F10C SETKEY@F11FILEMANAGERBk
  40F164 SETERRORS@F11FILEMANAGER10ERRORCLASS
  40F168 SETERROR@F11FILEMANAGERUs
  40F180 SAVEFILE@F11FILEMANAGER
  40F29C SAVEBUFFER@F11FILEMANAGER
  40F3F4 RESTOREFILE@F11FILEMANAGERRUs11FILEMANAGERUc
  40F524 RESTOREFILE@F11FILEMANAGERRUsUc
  40F570 RESTOREBUFFER@F11FILEMANAGERRUs11FILEMANAGERUc
  40F6E0 RESTOREBUFFER@F11FILEMANAGERRUsUc
  40F6F0 PRIMERECORD@F11FILEMANAGERUc
  40F7FC PRIMEFIELDS@F11FILEMANAGER
  40F800 PRIMEAUTOINCSERVER@F11FILEMANAGERUc
  40FDB0 PRIMEAUTOINC@F11FILEMANAGER
  40FDBC PREVIOUS@F11FILEMANAGER
  40FDCC POSITION@F11FILEMANAGER
  40FE4C OPENSERVER@F11FILEMANAGERUcUc
  40FF04 OPENFILE@F11FILEMANAGERUc
  410108 OPEN@F11FILEMANAGER
  410118 NEXTSERVER@F11FILEMANAGERUcUc
  410234 NEXT@F11FILEMANAGER
  410244 KILL@F11FILEMANAGER
  410288 KEYTOORDER@F11FILEMANAGERBkUc
  4103D4 ISOPENED@F11FILEMANAGER
  4103F4 INSERTSERVER@F11FILEMANAGERUc
  41060C INSERT@F11FILEMANAGER
  410618 INIT@F11FILEMANAGERBf10ERRORCLASS
  4106F8 INIT@F11FILEMANAGER
  410734 GETOPENED@F11FILEMANAGER
  41073C GETNAME@F11FILEMANAGER
  410774 GETFIELDNAME@F11FILEMANAGERBkUc
  4107C4 GETFIELDASCENDING@F11FILEMANAGERBkUc
  4107F8 GETFIELD@F11FILEMANAGERBkUc
  410834 GETEOF@F11FILEMANAGER
  41083C GETCOMPONENTS@F11FILEMANAGERBk
  410858 FETCH@F11FILEMANAGERBk
  410890 EQUALBUFFER@F11FILEMANAGERRUs
  4109CC CLOSE@F11FILEMANAGER
  410A60 CLEARKEY@F11FILEMANAGERBkUcUcUc
  410B10 CANCELAUTOINC@F11FILEMANAGER15RELATIONMANAGER
  410B80 BINDFIELDS@F11FILEMANAGER
  410BA4 ADDKEY@F11FILEMANAGERBksbUc
  410E9C DESTRUCT@F11FILEMANAGER
  410ED0 SETOPTION@F10FUZZYCLASSUcUc
  410F34 KILL@F10FUZZYCLASS
  410F38 INIT@F10FUZZYCLASS
  410F4C CONSTRUCT@F10FUZZYCLASS
  41102C TOOLBOX@F10POPUPCLASSsb
  4110B8 SETTRANSLATOR@F10POPUPCLASS15TRANSLATORCLASS
  4110C8 SETTOOLBOX@F10POPUPCLASSsbUc
  411128 SETICON@F10POPUPCLASSsbsb
  4111A0 SETITEMENABLE@F10POPUPCLASSsbUc
  411240 SETITEMCHECK@F10POPUPCLASSsbUc
  4112E0 SETITEM@F10POPUPCLASSllsbsb
  4114F0 RESETTOOLBOX@F10POPUPCLASS
  4118F8 LOCATENAME@F10POPUPCLASSsb
  41197C KILL@F10POPUPCLASS
  411998 INIT@F10POPUPCLASS
  4119C8 GETNAME@F10POPUPCLASSl
  411D10 GETMENUTEXT@F10POPUPCLASS
  411FEC GETLASTSELECTION@F10POPUPCLASS
  411FFC GETITEMS@F10POPUPCLASSUc
  4120A8 EXECUTEPOPUP@F10POPUPCLASSsbll
  412178 DELETEITEM@F10POPUPCLASSsb
  4121C0 CHECKMIMICS@F10POPUPCLASS
  412380 ASKTOOLBOX@F10POPUPCLASSsb
  412824 ASK@F10POPUPCLASSll
  412948 ADDSUBMENU@F10POPUPCLASSsbsbsb
  412A08 ADDSUBMENU@F10POPUPCLASSsbsb
  412AE4 ADDMENU@F10POPUPCLASSsbUc
  412C48 ADDITEMMIMIC@F10POPUPCLASSsblOsb
  412D1C ADDITEMEVENT@F10POPUPCLASSsbll
  412DF4 ADDITEM@F10POPUPCLASSsbsbsbUc
  412E88 ADDITEM@F10POPUPCLASSsbsb
  412EF8 ADDITEM@F10POPUPCLASSsb
  41320C CLEARQUERY@F10QUERYCLASS
  4132B4 GETQUERIES@F10QUERYCLASS11SECTORQUEUE
  413354 RESTORE@F10QUERYCLASSsb
  413AE4 TAKE@F10QUERYCLASS10POPUPCLASS
  413B84 SAVE@F10QUERYCLASSsb
  413CE0 SETQUICKPOPUP@F10QUERYCLASS10POPUPCLASSUs
  41425C QUOTE@F10QUERYCLASSsb
  4145E8 GETLIMIT@F10QUERYCLASSRscRscRUcUcRsc
  415044 GETFILTER@F10QUERYCLASS
  415550 MAKEOPERATOR@FsbsbRscRsc
  41591C MAKEOPERATOR@Fsbsb
  4159BC SETPOSITION@F16PAGEMANAGERCLASSlssUsUs
  415B7C SETCENTRE@F16PAGEMANAGERCLASSlUcUc
  415BB4 KILL@F16PAGEMANAGERCLASS
  415C08 INIT@F16PAGEMANAGERCLASS17PRINTPREVIEWCLASSlUsRsb
  415D58 HIGHLIGHT@F16PAGEMANAGERCLASSl
  415DE0 GETPROP@F16PAGEMANAGERCLASSlUs
  415E3C EXISTS@F16PAGEMANAGERCLASSl
  415E58 DRAW@F16PAGEMANAGERCLASSls
  4165E4 DELETE@F16PAGEMANAGERCLASSl
  416624 DELETE@F16PAGEMANAGERCLASS
  416644 COORDCONTAINED@F16PAGEMANAGERCLASSss
  416880 TAKEWINDOWEVENT@F13REPORTMANAGER
  416B20 TAKERECORD@F13REPORTMANAGER
  416C54 TAKENORECORDS@F13REPORTMANAGER
  416C64 TAKECLOSEEVENT@F13REPORTMANAGER
  416E6C TAKEACCEPTED@F13REPORTMANAGER
  416E9C SETDYNAMICCONTROLSATTRIBUTES@F13REPORTMANAGER
  416EA0 SETSTATICCONTROLSATTRIBUTES@F13REPORTMANAGER
  416EA4 PROCESSRESULTFILES@F13REPORTMANAGER15OUTPUTFILEQUEUE
  416EA8 OPENREPORT@F13REPORTMANAGER
  416F70 OPEN@F13REPORTMANAGER
  416FF4 KILL@F13REPORTMANAGER
  4170F8 INIT@F13REPORTMANAGER12PROCESSCLASSBr17PRINTPREVIEWCLASS
  417238 NEXT@F13REPORTMANAGER
  4172B4 CANCELPRINTREPORT@F13REPORTMANAGER
  4172E8 PRINTREPORT@F13REPORTMANAGER
  4174AC ENDREPORT@F13REPORTMANAGER
  4174E4 ASKPREVIEW@F13REPORTMANAGER
  4175F0 ASK@F13REPORTMANAGER
  417644 GETUSEMRP@F13REPORTMANAGER
  41764C SETUSEMRP@F13REPORTMANAGERUc
  417654 TAKEFIELDEVENT@F17PRINTPREVIEWCLASS
  4176CC TAKEWINDOWEVENT@F17PRINTPREVIEWCLASS
  417C00 TAKEEVENT@F17PRINTPREVIEWCLASS
  4183E4 TAKEACCEPTED@F17PRINTPREVIEWCLASS
  4189E0 SYNCIMAGEQUEUE@F17PRINTPREVIEWCLASS
  418A20 SETINIMANAGER@F17PRINTPREVIEWCLASS8INICLASS
  418A2C SETDEFAULTPAGES@F17PRINTPREVIEWCLASS
  418A74 RESETUSERZOOM@F17PRINTPREVIEWCLASS
  418B20 PROCESSRESULTFILES@F17PRINTPREVIEWCLASS15OUTPUTFILEQUEUE
  418B24 OPEN@F17PRINTPREVIEWCLASS
  418EC0 NEWZOOM@F17PRINTPREVIEWCLASS
  418EDC KILL@F17PRINTPREVIEWCLASS
  418F7C INPAGELIST@F17PRINTPREVIEWCLASSl
  419188 INITWINDOWPOSITION@F17PRINTPREVIEWCLASSBw
  4192B4 INIT@F17PRINTPREVIEWCLASS12PREVIEWQUEUE25REPORTTARGETSELECTORCLASS17WMFDOCUMENTPARSER
  4192CC INIT@F17PRINTPREVIEWCLASS12PREVIEWQUEUE
  4198F4 DRAWPAGE@F17PRINTPREVIEWCLASS
  4199B8 DISPLAY@F17PRINTPREVIEWCLASSslUsUs
  419C4C DELETEIMAGEQUEUE@F17PRINTPREVIEWCLASSl
  419CA4 CONFIGMENUCHECKS@F17PRINTPREVIEWCLASS
  419D48 ASKTHUMBNAILS@F17PRINTPREVIEWCLASS
  419E44 ASKPRINTPAGES@F17PRINTPREVIEWCLASS
  41A018 ASKPAGE@F17PRINTPREVIEWCLASS
  41A168 CHILDPROCESSINGEND@F12PROCESSCLASSUs
  41A170 CHILDPROCESSINGSTART@F12PROCESSCLASSUs
  41A1A4 UPDATEDISPLAY@F12PROCESSCLASS
  41A220 TAKERECORD@F12PROCESSCLASS
  41A224 TAKELOCATE@F12PROCESSCLASS
  41A254 TAKEACCEPTED@F12PROCESSCLASS
  41A258 SETPROGRESSLIMITS@F12PROCESSCLASSsbsb
  41A334 SETPROGRESSLIMITS@F12PROCESSCLASS
  41A3EC RESET@F12PROCESSCLASS
  41A474 NEXT@F12PROCESSCLASSUc
  41A718 KILL@F12PROCESSCLASS
  41A770 INIT@F12PROCESSCLASSBi15RELATIONMANAGERlPUc9STEPCLASSRu
  41A7B8 PERCENTILE2IDX@F17PRINTPREVIEWCLASSs
  41A830 IDX2PERCENTILE@F17PRINTPREVIEWCLASSUc
  41A868 TAKERESIZE@F17WINDOWRESIZECLASS
  41A870 KILL@F17WINDOWRESIZECLASS
  41A8FC INIT@F22REPORTATTRIBUTEMANAGERBr
  41A900 DESTRUCT@F22REPORTATTRIBUTEMANAGER
  41A920 CONSTRUCT@F22REPORTATTRIBUTEMANAGER
  41A934 DESTRUCT@F25REPORTTARGETSELECTORCLASS
  41A954 CONSTRUCT@F25REPORTTARGETSELECTORCLASS
  41A970 GETREPORTGENERATORNAME@F25REPORTTARGETSELECTORCLASSs
  41A9FC GETSELECTED@F25REPORTTARGETSELECTORCLASS
  41AA34 GETPRINTSELECTED@F25REPORTTARGETSELECTORCLASS
  41AA44 ITEMS@F25REPORTTARGETSELECTORCLASS
  41B0D4 ASK@F25REPORTTARGETSELECTORCLASSUcUc
  41B318 TAKEEVENT@F12TOOLBARCLASSPl13WINDOWMANAGER
  41B344 SETTARGET@F12TOOLBARCLASSl
  41B3EC KILL@F12TOOLBARCLASS
  41B404 INIT@F12TOOLBARCLASS
  41B424 DISPLAYBUTTONS@F12TOOLBARCLASS
  41B44C ADDTARGET@F12TOOLBARCLASS13TOOLBARTARGETl
  41B480 TRYTAKETOOLBAR@F18TOOLBARUPDATECLASS
  41B48C TAKEEVENT@F18TOOLBARUPDATECLASSPl13WINDOWMANAGER
  41B4C8 TAKETOOLBAR@F18TOOLBARUPDATECLASS
  41B5A4 DISPLAYBUTTONS@F18TOOLBARUPDATECLASS
  41B664 TRYTAKETOOLBAR@F19TOOLBARLISTBOXCLASS
  41B6B8 TAKEEVENT@F19TOOLBARLISTBOXCLASSPl13WINDOWMANAGER
  41B800 TAKETOOLBAR@F19TOOLBARLISTBOXCLASS
  41B824 DISPLAYBUTTONS@F19TOOLBARLISTBOXCLASS
  41B850 TAKEEVENT@F13TOOLBARTARGETPl13WINDOWMANAGER
  41B8D0 DISPLAYBUTTONS@F13TOOLBARTARGET
  41BAB4 SETTIPS@Fsb
  41BBD8 SETUP@F13CALENDARCLASS
  41BBDC ASK@F13CALENDARCLASSsbl
  41BCB4 ISHOLIDAY@F17CALENDARBASECLASSUcUcsUc
  41C73C ASK@F17CALENDARBASECLASSsbl
  41D1A8 UPDATEQUEUE@F8INICLASSsbsbBqRuPuPuPu
  41D3CC UPDATE@F8INICLASSsbsbsb
  41D488 UPDATE@F8INICLASSsbBw
  41D668 UPDATE@F8INICLASS
  41D66C TRYFETCH@F8INICLASSsbsb
  41D6E4 REMOVE@F8INICLASSsbsb
  41D84C KILL@F8INICLASS
  41D984 INIT@F8INICLASSsbll
  41DA9C GETSECTORS@F8INICLASSOsbOsbOsb11SECTORQUEUE
  41DCAC GETSECTOR@F8INICLASSsbsbsb
  41DD9C GETFAMILY@F8INICLASSsbRscRscRsc
  41DF20 FETCHQUEUE@F8INICLASSsbsbBqRuPuPuPu
  41E194 FETCHFIELD@F8INICLASSsbsbUc
  41E2D4 FETCH@F8INICLASSsbsbRu
  41E398 FETCH@F8INICLASSsbBw
  41E5F8 FETCH@F8INICLASSsbsb
  41E6D0 FETCH@F8INICLASS
  41E6D4 ADDSECTOR@F8INICLASSsb
  41E7B4 UPDATEWINDOWINFO@F8INICLASSsb10WINDOWINFO
  41EA20 FETCHWINDOWINFO@F8INICLASSsb10WINDOWINFO
  41EC98 UPDATE@F8INICLASSsbsbsbsb
  41EE84 FETCH@F8INICLASSsbsbsbsb
  41F0A8 DESTRUCT@F8INICLASS
  41F0C4 CONSTRUCT@F8INICLASS
  41F0D8 KILL@F18BUFFEREDPAIRSCLASS
  41F154 INIT@F18BUFFEREDPAIRSCLASS
  41F174 EQUALRIGHTBUFFER@F18BUFFEREDPAIRSCLASSUc
  41F204 EQUALLEFTBUFFER@F18BUFFEREDPAIRSCLASSUc
  41F290 EQUALRIGHTBUFFER@F18BUFFEREDPAIRSCLASS
  41F29C EQUALLEFTBUFFER@F18BUFFEREDPAIRSCLASS
  41F2A8 ASSIGNRIGHTTOBUFFER@F18BUFFEREDPAIRSCLASS
  41F2F0 ASSIGNLEFTTOBUFFER@F18BUFFEREDPAIRSCLASS
  41F334 ASSIGNBUFFERTORIGHT@F18BUFFEREDPAIRSCLASS
  41F37C ASSIGNBUFFERTOLEFT@F18BUFFEREDPAIRSCLASS
  41F3C0 ADDPAIR@F18BUFFEREDPAIRSCLASSRuRu
  41F460 INIT@F15FIELDPAIRSCLASS
  41F47C KILL@F15FIELDPAIRSCLASS
  41F4E0 EQUALLEFTRIGHT@F15FIELDPAIRSCLASS
  41F530 EQUAL@F15FIELDPAIRSCLASS
  41F538 CLEARRIGHT@F15FIELDPAIRSCLASS
  41F574 CLEARLEFT@F15FIELDPAIRSCLASS
  41F5AC ASSIGNRIGHTTOLEFT@F15FIELDPAIRSCLASS
  41F5F0 ASSIGNLEFTTORIGHT@F15FIELDPAIRSCLASS
  41F634 ADDITEM@F15FIELDPAIRSCLASSRu
  41F678 ADDPAIR@F15FIELDPAIRSCLASSRuRu
  41F6BC NEXT@F13CONSTANTCLASS
  41F878 SET@F13CONSTANTCLASSRsb
  41F8CC RESET@F13CONSTANTCLASS
  41F91C KILL@F13CONSTANTCLASS
  41F97C INIT@F13CONSTANTCLASSUc
  41F9C0 GETCSTRING@F13CONSTANTCLASS
  41FA40 GETPSTRING@F13CONSTANTCLASS
  41FAD0 GETLONG@F13CONSTANTCLASS
  41FAF4 GETUSHORT@F13CONSTANTCLASS
  41FB1C GETSHORT@F13CONSTANTCLASS
  41FB24 GETBYTE@F13CONSTANTCLASS
  41FB38 ADDITEM@F13CONSTANTCLASSUcRu
  41FB74 CONSTRUCT@F13CONSTANTCLASS
  41FB8C REMOVEDOLLAR@Fsb
  41FC60 ADDDOLLAR@Fsb
  41FD00 SAVEONINSERTACTION@F13WINDOWMANAGER
  41FDA4 SAVEONCHANGEACTION@F13WINDOWMANAGER
  41FEBC DELETEACTION@F13WINDOWMANAGER
  420078 CHANGEACTION@F13WINDOWMANAGER
  4203E8 INSERTACTION@F13WINDOWMANAGER
  4205D8 TAKEDISABLEBUTTON@F13WINDOWMANAGERlUc
  420600 UPDATE@F13WINDOWMANAGER
  42063C TAKEWINDOWEVENT@F13WINDOWMANAGER
  420778 TAKESELECTED@F13WINDOWMANAGER
  42077C TAKEREJECTED@F13WINDOWMANAGER
  4207B8 TAKENOTIFY@F13WINDOWMANAGERlll
  4207BC TAKENEWSELECTION@F13WINDOWMANAGER
  42083C TAKEFIELDEVENT@F13WINDOWMANAGER
  420840 TAKEEVENT@F13WINDOWMANAGER
  4209E8 TAKECLOSEEVENT@F13WINDOWMANAGER
  420B8C TAKECOMPLETED@F13WINDOWMANAGER
  420C64 TAKEACCEPTED@F13WINDOWMANAGER
  420D50 SETRESPONSE@F13WINDOWMANAGERUc
  420D9C SETALERTS@F13WINDOWMANAGER
  420E4C SAVEHISTORY@F13WINDOWMANAGER
  420EF4 RUN@F13WINDOWMANAGERUsUc
  420EF8 RUN@F13WINDOWMANAGER
  420F44 RESTOREFIELD@F13WINDOWMANAGERl
  4210FC RESETBUFFERS@F13WINDOWMANAGERUc
  421160 RESET@F13WINDOWMANAGERUc
  4211E8 PRIMEUPDATE@F13WINDOWMANAGER
  42132C PRIMEFIELDS@F13WINDOWMANAGER
  421330 POSTCOMPLETED@F13WINDOWMANAGER
  4213C8 OPEN@F13WINDOWMANAGERBwBw
  421410 OPEN@F13WINDOWMANAGER
  421454 KILL@F13WINDOWMANAGER
  4215A8 INIT@F13WINDOWMANAGER
  421624 REMOVEITEM@F13WINDOWMANAGER15WINDOWCOMPONENT
  42165C ASK@F13WINDOWMANAGER
  4216C0 ADDUPDATEFILE@F13WINDOWMANAGER11FILEMANAGER
  421700 ADDITEM@F13WINDOWMANAGER15WINDOWCOMPONENT
  42172C ADDITEM@F13WINDOWMANAGER18TOOLBARUPDATECLASS
  421784 ADDITEM@F13WINDOWMANAGER12TOOLBARCLASS
  421798 ADDITEM@F13WINDOWMANAGERlUc
  4217BC ADDITEM@F13WINDOWMANAGER11BROWSECLASS
  4217E4 ADDHISTORYFILE@F13WINDOWMANAGERRgRg
  42183C ADDHISTORYFIELD@F13WINDOWMANAGERll
  421864 DISABLECANCELCONTROLS@F13WINDOWMANAGER
  4218BC ENABLECANCELCONTROLS@F13WINDOWMANAGER
  421914 PROCESSDOCUMENT@F17WMFDOCUMENTPARSER
  421920 OPENDOCUMENT@F17WMFDOCUMENTPARSER
  4219C0 CLOSEDOCUMENT@F17WMFDOCUMENTPARSER
  4219F0 INIT@F17WMFDOCUMENTPARSER12PREVIEWQUEUE16IREPORTGENERATOR10ERRORCLASS
  421AC8 GENERATEREPORT@F17WMFDOCUMENTPARSERUc
  421FF8 TAKERECORD@F9WMFPARSER
  4267F8 PROCESSFILE@F9WMFPARSER
  426818 PROCESSHEADER@F9WMFPARSER
  4269EC ADDOBJECT@F9WMFPARSERUc
  426A8C CLOSEFILE@F9WMFPARSER
  426ACC RUN@F9WMFPARSER
  426AD4 OPENFILE@F9WMFPARSER
  426B98 KILL@F9WMFPARSER
  426C00 INIT@F9WMFPARSERsb16IREPORTGENERATOR10ERRORCLASS
  426CC4 GETBOXBOTTOM@F9WMFPARSER
  426CCC GETBOXRIGHT@F9WMFPARSER
  426CD4 GETBOXTOP@F9WMFPARSER
  426CDC GETBOXLEFT@F9WMFPARSER
  426CE4 DESTRUCT@F9WMFPARSER
  426DC8 CONSTRUCT@F9WMFPARSER
  4273B8 APLIKACIJA001$AZURIRANJEVIDEA@F
  427A14 APLIKACIJA001$AZURIRANJESLIKA@F
  42807C APLIKACIJA001$AZURIRANJEMUZIKE@F
  429EE4 APLIKACIJA001$AZURIRANJEMOBITELA@F
  42AA68 APLIKACIJA001$POPISKARTICA@F
  42B448 APLIKACIJA001$POPISVIDEA@F
  42BD5C APLIKACIJA001$POPISSLIKA@F
  42C504 APLIKACIJA001$POPISMUZIKE@F
  42CF88 APLIKACIJA001$POPISMOBITELA@F
  42D814 MAIN@F
  42DBDC APLIKACIJA002$SKOCNIPROZOR@F
  42E040 APLIKACIJA002$ISPISSLIKA1@F
  42E598 APLIKACIJA002$POMOCNIISPIS@F
  42EB60 APLIKACIJA002$STAVKEODABRANESLIKE@F
  42F0D8 APLIKACIJA002$ISPISSLIKA2@F
  42F8AC APLIKACIJA002$AZURIRANJEIMAV@F
  430024 APLIKACIJA002$AZURIRANJEIMAP@F
  430824 APLIKACIJA002$AZURIRANJEIMAM@F
  430D78 APLIKACIJA002$AZURIRANJEKARTICA@F
  430ED0 KILL@F18HIDE:RELATE:VIDEOS
  430F80 DEFEREDADDRELATIONS@F18HIDE:RELATE:VIDEOS
  430FA0 INIT@F18HIDE:RELATE:VIDEOS
  430FD8 VALIDATEFIELDSERVER@F18HIDE:ACCESS:VIDEOSlUc
  4310AC USEFILE@F18HIDE:ACCESS:VIDEOSUc
  431150 KILL@F18HIDE:ACCESS:VIDEOS
  431170 INIT@F18HIDE:ACCESS:VIDEOS
  4311F0 KILL@F20HIDE:RELATE:PICTURES
  4312E0 DEFEREDADDRELATIONS@F20HIDE:RELATE:PICTURES
  431300 INIT@F20HIDE:RELATE:PICTURES
  431338 VALIDATEFIELDSERVER@F20HIDE:ACCESS:PICTURESlUc
  43140C USEFILE@F20HIDE:ACCESS:PICTURESUc
  4314B0 KILL@F20HIDE:ACCESS:PICTURES
  4314D0 INIT@F20HIDE:ACCESS:PICTURES
  431550 KILL@F17HIDE:RELATE:IMA_V
  4315DC DEFEREDADDRELATIONS@F17HIDE:RELATE:IMA_V
  4315FC INIT@F17HIDE:RELATE:IMA_V
  431634 VALIDATEFIELDSERVER@F17HIDE:ACCESS:IMA_VlUc
  4317B4 USEFILE@F17HIDE:ACCESS:IMA_VUc
  431880 KILL@F17HIDE:ACCESS:IMA_V
  4318A0 INIT@F17HIDE:ACCESS:IMA_V
  431920 KILL@F17HIDE:RELATE:IMA_P
  4319AC DEFEREDADDRELATIONS@F17HIDE:RELATE:IMA_P
  4319CC INIT@F17HIDE:RELATE:IMA_P
  431A04 VALIDATEFIELDSERVER@F17HIDE:ACCESS:IMA_PlUc
  431B84 USEFILE@F17HIDE:ACCESS:IMA_PUc
  431C50 KILL@F17HIDE:ACCESS:IMA_P
  431C70 INIT@F17HIDE:ACCESS:IMA_P
  431CF0 KILL@F17HIDE:RELATE:PHONE
  431F18 DEFEREDADDRELATIONS@F17HIDE:RELATE:PHONE
  431F38 INIT@F17HIDE:RELATE:PHONE
  431F70 VALIDATEFIELDSERVER@F17HIDE:ACCESS:PHONElUc
  432050 USEFILE@F17HIDE:ACCESS:PHONEUc
  43211C KILL@F17HIDE:ACCESS:PHONE
  43213C INIT@F17HIDE:ACCESS:PHONE
  4321BC KILL@F18HIDE:RELATE:SDCARD
  43223C DEFEREDADDRELATIONS@F18HIDE:RELATE:SDCARD
  43225C INIT@F18HIDE:RELATE:SDCARD
  432294 VALIDATEFIELDSERVER@F18HIDE:ACCESS:SDCARDlUc
  432430 USEFILE@F18HIDE:ACCESS:SDCARDUc
  432588 KILL@F18HIDE:ACCESS:SDCARD
  4325A8 INIT@F18HIDE:ACCESS:SDCARD
  432628 KILL@F17HIDE:RELATE:IMA_M
  4326B4 DEFEREDADDRELATIONS@F17HIDE:RELATE:IMA_M
  4326D4 INIT@F17HIDE:RELATE:IMA_M
  43270C VALIDATEFIELDSERVER@F17HIDE:ACCESS:IMA_MlUc
  43288C USEFILE@F17HIDE:ACCESS:IMA_MUc
  432958 KILL@F17HIDE:ACCESS:IMA_M
  432978 INIT@F17HIDE:ACCESS:IMA_M
  4329F8 KILL@F17HIDE:RELATE:MUSIC
  432AA8 DEFEREDADDRELATIONS@F17HIDE:RELATE:MUSIC
  432AC8 INIT@F17HIDE:RELATE:MUSIC
  432B00 VALIDATEFIELDSERVER@F17HIDE:ACCESS:MUSIClUc
  432BD4 USEFILE@F17HIDE:ACCESS:MUSICUc
  432C78 KILL@F17HIDE:ACCESS:MUSIC
  432C98 INIT@F17HIDE:ACCESS:MUSIC
  432D18 APLIKACIJA_BC0$APLIKACIJA_BC0:FILESINIT@F
  432DCC APLIKACIJA_BC0$APLIKACIJA_BC0:DCTKILL@F
  432F14 APLIKACIJA_BC0$APLIKACIJA_BC0:DCTINIT@F
  4332A8 DCTKILL@F
  4332B0 DCTINIT@F
  4332BC _main
  433354 DESTRUCT@F10DICTIONARY
  43335C CONSTRUCT@F10DICTIONARY
  43336C ALLOWDESCENDING@F19SORTHEADERCLASSTYPEsb
  433390 VALIDFIELD@F19SORTHEADERCLASSTYPEsb
  433518 GETSORTINGCOLUMNSTRING@F19SORTHEADERCLASSTYPEsbsbsb
  43372C FINDRECORD@F19SORTHEADERCLASSTYPE
  43391C CHECKRANGEREGION@F19SORTHEADERCLASSTYPE
  433B30 SETREGIONDOWN@F19SORTHEADERCLASSTYPE
  433DAC SETREGIONUP@F19SORTHEADERCLASSTYPE
  434028 ROWSELECTEDINGROUP@F19SORTHEADERCLASSTYPE
  4341B0 FIELDINGROUP@F19SORTHEADERCLASSTYPE
  4343D0 MOUSEPRESSED@F19SORTHEADERCLASSTYPE
  434D98 MOUSERELEASED@F19SORTHEADERCLASSTYPE
  4351D8 SETPREVSORTORDER@F19SORTHEADERCLASSTYPE
  435234 LOADSORT@F19SORTHEADERCLASSTYPE
  435484 SAVESORT@F19SORTHEADERCLASSTYPE
  4356D4 SETSTORAGESETTINGS@F19SORTHEADERCLASSTYPEsbsb
  435738 GETSTRINGFROMSORT@F19SORTHEADERCLASSTYPE
  435874 SETSORTFROMSTRING@F19SORTHEADERCLASSTYPEsb
  435C1C SORTQUEUE@F19SORTHEADERCLASSTYPE
  436450 RESTOREHEADERTEXT@F19SORTHEADERCLASSTYPE
  436514 GETCOLUMNNAME@F19SORTHEADERCLASSTYPEl
  436614 GETCOLUMNTEXT@F19SORTHEADERCLASSTYPEl
  4366E4 RESETSORT@F19SORTHEADERCLASSTYPE
  43670C CLEARSORT@F19SORTHEADERCLASSTYPE
  43672C KILL@F19SORTHEADERCLASSTYPE
  436794 GETSORTORDER@F19SORTHEADERCLASSTYPE
  436804 TAKEEVENTS@F19SORTHEADERCLASSTYPE
  436DE0 SETALERTS@F19SORTHEADERCLASSTYPE
  436E3C INIT@F19SORTHEADERCLASSTYPEBqlOsbOsbBiBk
  437194 GETIFACE@F15CRITICALSECTION
  437198 DESTRUCT@F15CRITICALSECTION
  4371AC CONSTRUCT@F15CRITICALSECTION
  4371C0 KILL@F17CRITICALPROCEDURE
  4371E4 INIT@F17CRITICALPROCEDURE11ISYNCOBJECT
  437204 DESTRUCT@F17CRITICALPROCEDURE
  43720C CONSTRUCT@F17CRITICALPROCEDURE
  437968 __thr_inst0
  437978 __thr_init_entry
  437998 __thr_init_exit
  438000 $DEFAULTERRORS
  4392E4 TYPE$BROWSECLASS
  4396BC TYPE$BROWSEEIPMANAGER
  439990 VMT$BROWSEEIPMANAGER
  439A34 VMT$BROWSECLASS
  439C00 TYPE$STANDARDBEHAVIOR
  439C3C VMT$STANDARDBEHAVIOR
  439C88 TYPE$ENTRYLOCATORCLASS
  439CE4 VMT$ENTRYLOCATORCLASS
  439D24 TYPE$STEPLOCATORCLASS
  439D74 VMT$STEPLOCATORCLASS
  439DB0 TYPE$STEPLONGCLASS
  439DD8 VMT$STEPLONGCLASS
  439E1C TYPE$COLORMAP
  439E48 TCB$COLORMAP
  439E58 TYPE$EDITENTRYCLASS
  439EA0 VMT$EDITENTRYCLASS
  43A040 STDERRORFILE$TYPE$RECORD
  43A058 $STDERRORFILE
  43A0A4 TYPE$PNQ
  43A0C4 TYPE$DEFAULTERRORS
  43A324 TYPE$HISTHANDLERCLASS
  43A36C VMT$HISTHANDLERCLASS
  43A39C TYPE$MSGBOXCLASS
  43A614 VMT$MSGBOXCLASS
  43A69C TYPE$ERRORCLASS
  43A920 VMT$ERRORCLASS
  43A96C TYPE$STANDARDERRORLOGCLASS
  43A9A4 VMT$STANDARDERRORLOGCLASS
  43A9BC TYPE$ERRORSTATUSCLASS
  43AAB0 VMT$ERRORSTATUSCLASS
  43AB80 TYPE$UNTHREADEDFILEOPENERMAP
  43ABA4 TCB$UNTHREADEDFILEOPENERMAP
  43ABB4 TYPE$FILESMANAGER
  43ABF8 VMT$FILESMANAGER
  43AC04 TYPE$FILEMAPPING_T
  43AC30 TYPE$FILEMAPPING_R
  43AC60 TYPE$STATUSQ_T
  43ACC8 TYPE$UNTHREADEDFILEOPENSERVER
  43AD18 VMT$UNTHREADEDFILEOPENSERVER
  43AD3C TYPE$THREADEDFILEOPENSERVER
  43AD70 VMT$THREADEDFILEOPENSERVER
  43AF78 TYPE$FUZZYCLASS
  43B020 VMT$FUZZYCLASS
  43B05C TYPE$POPUPITEMQUEUE
  43B0CC TYPE$POPUPCLASS
  43B170 VMT$POPUPCLASS
  43B254 TYPE$FIELDQUEUE
  43B3C0 TYPE$PAGEMANAGERCLASS
  43B47C VMT$PAGEMANAGERCLASS
  43B488 TYPE$ZOOMITEMQUEUE
  43B4C0 $ZOOMPRESETS
  43B5B4 TYPE$PRINTPREVIEWCLASS
  43BB64 VMT$PRINTPREVIEWCLASS
  43BC1C TYPE$REPORTATTRIBUTEMANAGER
  43BC38 VMT$REPORTATTRIBUTEMANAGER
  43BCD8 TYPE$REPORTTARGETSELECTORCLASS
  43BD3C VMT$REPORTTARGETSELECTORCLASS
  43BD7C TYPE$TOOLBARTARGETQUEUE
  43BD98 $UPDATECHANGETIPS
  43BEA4 $UPDATEINSERTTIPS
  43BEE4 $LISTBOXTIPS
  43BFA0 TYPE$TOOLBARCLASS
  43BFB8 VMT$TOOLBARCLASS
  43BFD0 TYPE$TOOLBARUPDATECLASS
  43C058 VMT$TOOLBARUPDATECLASS
  43C074 TYPE$TOOLBARLISTBOXCLASS
  43C0F0 VMT$TOOLBARLISTBOXCLASS
  43C1B0 TYPE$CONSTDESCRIPTORLIST
  43C268 TYPE$CALENDARCLASS
  43C3FC VMT$CALENDARCLASS
  43C414 TYPE$CONSTANTCLASS
  43C4B4 VMT$CONSTANTCLASS
  43C4C0 TYPE$INICLASS
  43C508 VMT$INICLASS
  43C594 TYPE$BUFFEREDPAIRSCLASS
  43C5B8 VMT$BUFFEREDPAIRSCLASS
  43C5F0 TYPE$FIELDPAIRSCLASS
  43C608 VMT$FIELDPAIRSCLASS
  43C638 TYPE$FILELIST
  43C65C TYPE$HISTORYLIST
  43C694 TYPE$BUTTONLIST
  43C6B8 TYPE$COMPONENTLIST
  43C7D8 WMFINFILE$TYPE$WMFF@:RECORD
  43C7F8 TYPE$QUEUEDC
  43C85C TYPE$QUEUEHOLES
  43C870 TYPE$QUEUEBRUSH
  43C89C TYPE$QUEUEPENS
  43C8C8 TYPE$QUEUEFONTS
  43C910 TYPE$QUEUEOBJECTS
  43C92C TYPE$WMFDOCUMENTPARSER
  43C990 VMT$WMFDOCUMENTPARSER
  43C99C TYPE$WMFPARSER
  43D498 VMT$WMFPARSER
  43D4A4 TYPE$POINTQUEUE
  43D4C0 TYPE$SLICEFORMATQUEUE
  43D568 TYPE$TEXTFORMATQUEUE
  444F54 TYPE$HIDE:RELATE:VIDEOS
  444FF8 VMT$HIDE:RELATE:VIDEOS
  445034 TYPE$HIDE:ACCESS:VIDEOS
  445218 VMT$HIDE:ACCESS:VIDEOS
  4452F4 TYPE$HIDE:RELATE:PICTURES
  445398 VMT$HIDE:RELATE:PICTURES
  4453D4 TYPE$HIDE:ACCESS:PICTURES
  4455B8 VMT$HIDE:ACCESS:PICTURES
  445694 TYPE$HIDE:RELATE:IMA_V
  445738 VMT$HIDE:RELATE:IMA_V
  445774 TYPE$HIDE:ACCESS:IMA_V
  445958 VMT$HIDE:ACCESS:IMA_V
  445A34 TYPE$HIDE:RELATE:IMA_P
  445AD8 VMT$HIDE:RELATE:IMA_P
  445B14 TYPE$HIDE:ACCESS:IMA_P
  445CF8 VMT$HIDE:ACCESS:IMA_P
  445DD4 TYPE$HIDE:RELATE:PHONE
  445E78 VMT$HIDE:RELATE:PHONE
  445EB4 TYPE$HIDE:ACCESS:PHONE
  446098 VMT$HIDE:ACCESS:PHONE
  446174 TYPE$HIDE:RELATE:SDCARD
  446218 VMT$HIDE:RELATE:SDCARD
  446254 TYPE$HIDE:ACCESS:SDCARD
  446438 VMT$HIDE:ACCESS:SDCARD
  446514 TYPE$HIDE:RELATE:IMA_M
  4465B8 VMT$HIDE:RELATE:IMA_M
  4465F4 TYPE$HIDE:ACCESS:IMA_M
  4467D8 VMT$HIDE:ACCESS:IMA_M
  4468B4 TYPE$HIDE:RELATE:MUSIC
  446958 VMT$HIDE:RELATE:MUSIC
  446994 TYPE$HIDE:ACCESS:MUSIC
  446B78 VMT$HIDE:ACCESS:MUSIC
  446E98 TYPE$DICTIONARY
  446EA8 VMT$DICTIONARY
  446EB4 VIDEOS$TYPE$VID:RECORD
  446F6C PICTURES$TYPE$PIC:RECORD
  446FF8 IMA_V$TYPE$IMA_V:RECORD
  447044 IMA_P$TYPE$IMA_P:RECORD
  447090 PHONE$TYPE$PHN:RECORD
  447178 SDCARD$TYPE$SDC:RECORD
  4471F0 IMA_M$TYPE$IMA_M:RECORD
  447298 MUSIC$TYPE$MSC:RECORD
  44735C TYPE$QUEUELISTHEADERTYPE
  447388 TYPE$QUEUELISTSORTTYPE
  4473BC TYPE$CRITICALSECTION
  4473D4 VMT$CRITICALSECTION
  4473E0 TYPE$CRITICALPROCEDURE
  4473F8 VMT$CRITICALPROCEDURE
  447750 VMTP$DICTIONARY
  447868 VMTP$HIDE:RELATE:VIDEOS
  447870 VMTP$HIDE:ACCESS:VIDEOS
  447878 VMTP$HIDE:RELATE:PICTURES
  447880 VMTP$HIDE:ACCESS:PICTURES
  447888 VMTP$HIDE:RELATE:IMA_V
  447890 VMTP$HIDE:ACCESS:IMA_V
  447898 VMTP$HIDE:RELATE:IMA_P
  4478A0 VMTP$HIDE:ACCESS:IMA_P
  4478A8 VMTP$HIDE:RELATE:PHONE
  4478B0 VMTP$HIDE:ACCESS:PHONE
  4478B8 VMTP$HIDE:RELATE:SDCARD
  4478C0 VMTP$HIDE:ACCESS:SDCARD
  4478C8 VMTP$HIDE:RELATE:IMA_M
  4478D0 VMTP$HIDE:ACCESS:IMA_M
  4478D8 VMTP$HIDE:RELATE:MUSIC
  4478E0 VMTP$HIDE:ACCESS:MUSIC
  4478E8 VMTP$FILESMANAGER
  4478F0 VMTP$UNTHREADEDFILEOPENSERVER
  4478F8 VMTP$THREADEDFILEOPENSERVER
  447900 VMTP$CALENDARCLASS
  447908 VMTP$CONSTANTCLASS
  447910 VMTP$INICLASS
  447918 VMTP$BUFFEREDPAIRSCLASS
  447920 VMTP$FIELDPAIRSCLASS
  447928 VMTP$POPUPCLASS
  447930 VMTP$TOOLBARCLASS
  447938 VMTP$TOOLBARUPDATECLASS
  447940 VMTP$TOOLBARLISTBOXCLASS
  447948 VMTP$EDITENTRYCLASS
  447950 VMTP$BROWSEEIPMANAGER
  447958 VMTP$BROWSECLASS
  447960 VMTP$STANDARDBEHAVIOR
  447968 VMTP$ENTRYLOCATORCLASS
  447970 VMTP$STEPLOCATORCLASS
  447978 VMTP$STEPLONGCLASS
  447980 VMTP$HISTHANDLERCLASS
  447988 VMTP$MSGBOXCLASS
  447990 VMTP$ERRORCLASS
  447998 VMTP$STANDARDERRORLOGCLASS
  4479A0 VMTP$ERRORSTATUSCLASS
  4479A8 VMTP$FUZZYCLASS
  4479B0 VMTP$WMFDOCUMENTPARSER
  4479B8 VMTP$WMFPARSER
  4479C0 VMTP$REPORTATTRIBUTEMANAGER
  4479C8 VMTP$REPORTTARGETSELECTORCLASS
  4479D0 VMTP$PAGEMANAGERCLASS
  4479D8 VMTP$PRINTPREVIEWCLASS
  4479E0 VMTP$CRITICALSECTION
  4479E8 VMTP$CRITICALPROCEDURE
  4479F0 $FUZZYMATCHER
  449014 $COLORMAP
  44904C $MULTIWINDOW
  449050 $TXTWINDOW
  449054 $WINDOW
  449058 STDERRORFILE$RECORD
  449458 $UNTHREADEDFILEOPENERMAP
  449460 $CREATEOPENERCRIT
  449570 KEYS$WMFINFILE
  4495A4 $INIMGR
  4496BC MEMOS$PHONE
  44A008 VIDEOS$VID:PK_VIDEOS_SIFRAVIDEA
  44A02C KEYS$VIDEOS
  44A030 $VIDEOS
  44A07C PICTURES$PIC:PK_PICTURES_SIFRASLIKE
  44A0A0 KEYS$PICTURES
  44A0A4 $PICTURES
  44A0F0 IMA_V$IMA_V:PK_IMAV_SIFRAMOBITELA_SIFRAVIDEA
  44A114 IMA_V$IMA_V:K_IMAV_SIFRAVIDEA_SIFRAMOBITELA
  44A138 KEYS$IMA_V
  44A140 $IMA_V
  44A18C IMA_P$IMA_P:PK_IMAP_SIFRAMOBITELA_SIFRASLIKE
  44A1B0 IMA_P$IMA_P:K_IMAP_SIFRASLIKE_SIFRAMOBITELA
  44A1D4 KEYS$IMA_P
  44A1DC $IMA_P
  44A228 PHONE$PHN:PK_PHONE_SIFRAMOBITELA
  44A24C PHONE$PHN:VK_PHONE_SIFRAKARTICE
  44A270 KEYS$PHONE
  44A278 $PHONE
  44A2C4 SDCARD$SDC:SK_SDCARD_NAZIVKARTICE
  44A2E8 SDCARD$SDC:SK_SDCARD_FORMATKARTICE
  44A30C SDCARD$SDC:SK_SDCARD_KLASA
  44A330 SDCARD$SDC:SK_SDCARD_KAPACITET
  44A354 SDCARD$SDC:PK_SDCARD_SIFRAKARTICE
  44A378 KEYS$SDCARD
  44A38C $SDCARD
  44A3D8 IMA_M$IMA_M:PK_IMAM_SIFRAMOBITELA_SIFRAPJESME
  44A3FC IMA_M$IMA_M:K_IMAM_SIFRAPJESME_SIFRAMOBITELA
  44A420 KEYS$IMA_M
  44A428 $IMA_M
  44A474 MUSIC$MSC:PK_MUSIC_SIFRAPJESME
  44A498 KEYS$MUSIC
  44A49C $MUSIC
  44A6F8 $EPOC
  44A748 $WMFINFILE
  44A830 $GLOBALERRORSTATUS
  44AF50 $GLOBALREQUEST
  44AF54 $GLOBALRESPONSE
  44AF58 $VCRREQUEST
  44AF5C $DICTIONARY
  44AF60 VIDEOS$VID:RECORD
  44AFDC PICTURES$PIC:RECORD
  44B02C IMA_V$IMA_V:RECORD
  44B034 IMA_P$IMA_P:RECORD
  44B038 PHONE$PHN:RECORD
  44B0B8 SDCARD$SDC:RECORD
  44B0F0 IMA_M$IMA_M:RECORD
  44B118 MUSIC$MSC:RECORD
  44B178 $RELATE:VIDEOS
  44B17C $ACCESS:VIDEOS
  44B180 $RELATE:PICTURES
  44B184 $ACCESS:PICTURES
  44B188 $RELATE:IMA_V
  44B18C $ACCESS:IMA_V
  44B190 $RELATE:IMA_P
  44B194 $ACCESS:IMA_P
  44B198 $RELATE:PHONE
  44B19C $ACCESS:PHONE
  44B1A0 $RELATE:SDCARD
  44B1A4 $ACCESS:SDCARD
  44B1A8 $RELATE:IMA_M
  44B1AC $ACCESS:IMA_M
  44B1B0 $RELATE:MUSIC
  44B1B4 $ACCESS:MUSIC
  44B444 APLIKACIJA_BC0$_HIDE:RELATE:VIDEOS
  44B448 APLIKACIJA_BC0$_HIDE:ACCESS:VIDEOS
  44B44C APLIKACIJA_BC0$_HIDE:RELATE:PICTURES
  44B450 APLIKACIJA_BC0$_HIDE:ACCESS:PICTURES
  44B454 APLIKACIJA_BC0$_HIDE:RELATE:IMA_V
  44B458 APLIKACIJA_BC0$_HIDE:ACCESS:IMA_V
  44B45C APLIKACIJA_BC0$_HIDE:RELATE:IMA_P
  44B460 APLIKACIJA_BC0$_HIDE:ACCESS:IMA_P
  44B464 APLIKACIJA_BC0$_HIDE:RELATE:PHONE
  44B468 APLIKACIJA_BC0$_HIDE:ACCESS:PHONE
  44B46C APLIKACIJA_BC0$_HIDE:RELATE:SDCARD
  44B470 APLIKACIJA_BC0$_HIDE:ACCESS:SDCARD
  44B474 APLIKACIJA_BC0$_HIDE:RELATE:IMA_M
  44B478 APLIKACIJA_BC0$_HIDE:ACCESS:IMA_M
  44B47C APLIKACIJA_BC0$_HIDE:RELATE:MUSIC
  44B480 APLIKACIJA_BC0$_HIDE:ACCESS:MUSIC
  44B484 $FILESMANAGER
  44B49C $SZDBTEXTLOG
  44BD90 $CLS_COUNTER
  44BD94 WMFINFILE$WMFF@:RECORD
  45E000 __import_section_start
  45FB70 __import_section_end

Imports
ClaASC.dll:ASCII 45E080
ClaDOS.dll:DOS 45E090
ClaRUN.dll:Cla$ACCEPTED 45E458,401000
ClaRUN.dll:Cla$ADDqueue 45E45C
ClaRUN.dll:Cla$ADDqueuekey 45E460,401008
ClaRUN.dll:Cla$ADDqueueptr 45E464
ClaRUN.dll:Cla$ADDqueueskey 45E468
ClaRUN.dll:Cla$AddressUfo 45E46C
ClaRUN.dll:Cla$ALERT 45E470,401010
ClaRUN.dll:Cla$AssignLong2RefUfo 45E474
ClaRUN.dll:Cla$AssignReal2RefUfo 45E478
ClaRUN.dll:Cla$AssignRefUfo 45E47C
ClaRUN.dll:Cla$BEEP 45E480,401018
ClaRUN.dll:Cla$BindG 45E484
ClaRUN.dll:Cla$CHOICE 45E488,401020
ClaRUN.dll:Cla$CLEAR 45E48C
ClaRUN.dll:Cla$CLEARqueue 45E490
ClaRUN.dll:Cla$clearstr 45E494
ClaRUN.dll:Cla$ClearType 45E498
ClaRUN.dll:Cla$ClearUfo 45E49C
ClaRUN.dll:Cla$CLOCK 45E4A0,401028
ClaRUN.dll:Cla$CloneUfo 45E4A4
ClaRUN.dll:Cla$CLOSEwindow 45E4A8,401030
ClaRUN.dll:Cla$code 45E4AC
ClaRUN.dll:Cla$COMMIT 45E4B0,401038
ClaRUN.dll:Cla$comparestr 45E4B4
ClaRUN.dll:Cla$CREATE 45E4B8
ClaRUN.dll:Cla$DAbs 45E4BC
ClaRUN.dll:Cla$DATE 45E4C0,401040
ClaRUN.dll:Cla$DAY 45E4C4,401048
ClaRUN.dll:Cla$DecAdd 45E4C8
ClaRUN.dll:Cla$DecDistinct 45E4CC
ClaRUN.dll:Cla$DecDistinctR 45E4D0
ClaRUN.dll:Cla$DecDivide 45E4D4
ClaRUN.dll:Cla$DecDivideR 45E4D8
ClaRUN.dll:Cla$DecMul 45E4DC
ClaRUN.dll:Cla$DecSub 45E4E0
ClaRUN.dll:Cla$DecSubR 45E4E4
ClaRUN.dll:Cla$DELETEqueue 45E4E8,401050
ClaRUN.dll:Cla$DELETEREG 45E4EC,401058
ClaRUN.dll:Cla$DESTROY 45E4F0,401060
ClaRUN.dll:Cla$DISABLE 45E4F4,401068
ClaRUN.dll:Cla$DISPLAY 45E4F8,401070
ClaRUN.dll:Cla$DISPOSEqueue 45E4FC
ClaRUN.dll:Cla$DISPOSEref 45E500
ClaRUN.dll:Cla$DISPOSEvref 45E504
ClaRUN.dll:Cla$Dlongpower 45E508
ClaRUN.dll:Cla$DPopDec 45E50C
ClaRUN.dll:Cla$DPopLong 45E510
ClaRUN.dll:Cla$DPopReal 45E514
ClaRUN.dll:Cla$DPopUlong 45E518
ClaRUN.dll:Cla$DPushConstant 45E51C
ClaRUN.dll:Cla$DPushDec 45E520
ClaRUN.dll:Cla$DPushLong 45E524
ClaRUN.dll:Cla$DPushULong 45E528
ClaRUN.dll:Cla$DRound 45E52C
ClaRUN.dll:Cla$DStack2Stack 45E530
ClaRUN.dll:Cla$ENABLE 45E534,401078
ClaRUN.dll:Cla$EndEventLoop 45E538
ClaRUN.dll:Cla$EndEventLoops 45E53C
ClaRUN.dll:Cla$ENDPAGE 45E540,401080
ClaRUN.dll:Cla$ERRORCODE 45E544,401088
ClaRUN.dll:Cla$Evaluate 45E548,401090
ClaRUN.dll:Cla$EVENT 45E54C,401098
ClaRUN.dll:Cla$FIELD 45E550,4010A0
ClaRUN.dll:Cla$FILEERRORCODE 45E554,4010A8
ClaRUN.dll:Cla$FILEERRORMSG 45E558,4010B0
ClaRUN.dll:Cla$FileExists 45E55C,4010B8
ClaRUN.dll:Cla$FILE_ADDf 45E560
ClaRUN.dll:Cla$FILE_BUFFER 45E564,4010C0
ClaRUN.dll:Cla$FILE_BUILDf 45E568,4010C8
ClaRUN.dll:Cla$FILE_BYTES 45E56C,4010D0
ClaRUN.dll:CLA$FILE_CALLBACK 45E570,4010D8
ClaRUN.dll:Cla$FILE_CLEAR 45E574
ClaRUN.dll:Cla$FILE_CLOSE 45E578,4010E0
ClaRUN.dll:Cla$FILE_CREATE 45E57C
ClaRUN.dll:Cla$FILE_DELETE 45E580,4010E8
ClaRUN.dll:CLA$FILE_DESTROY 45E584
ClaRUN.dll:Cla$FILE_DUPLICATEk 45E588,4010F0
ClaRUN.dll:Cla$FILE_FLUSH 45E58C,4010F8
ClaRUN.dll:CLA$FILE_FREESTATE 45E590,401100
ClaRUN.dll:Cla$FILE_GETfk 45E594
ClaRUN.dll:Cla$FILE_GETfl 45E598
ClaRUN.dll:Cla$FILE_GETflu 45E59C
ClaRUN.dll:Cla$FILE_GETNULLS 45E5A0,401108
ClaRUN.dll:CLA$FILE_GETSTATE 45E5A4,401110
ClaRUN.dll:Cla$FILE_GET_PROPERTY 45E5A8
ClaRUN.dll:Cla$FILE_NAME 45E5AC,401118
ClaRUN.dll:Cla$FILE_NEXT 45E5B0,401120
ClaRUN.dll:Cla$FILE_NOMEMO 45E5B4,401128
ClaRUN.dll:Cla$FILE_OPEN 45E5B8,401130
ClaRUN.dll:Cla$FILE_POSITIONf 45E5BC,401138
ClaRUN.dll:Cla$FILE_POSITIONk 45E5C0,401140
ClaRUN.dll:Cla$FILE_PREV 45E5C4,401148
ClaRUN.dll:Cla$FILE_PUTf 45E5C8
ClaRUN.dll:Cla$FILE_RECORDSf 45E5CC,401150
ClaRUN.dll:Cla$FILE_REGETf 45E5D0,401158
ClaRUN.dll:Cla$FILE_REGETk 45E5D4,401160
ClaRUN.dll:Cla$FILE_RESETf 45E5D8,401168
ClaRUN.dll:Cla$FILE_RESETk 45E5DC,401170
ClaRUN.dll:CLA$FILE_RESTORESTATE 45E5E0,401178
ClaRUN.dll:Cla$FILE_SEND 45E5E4,401180
ClaRUN.dll:Cla$FILE_SETk 45E5E8,401188
ClaRUN.dll:Cla$FILE_SETkk 45E5EC,401190
ClaRUN.dll:Cla$FILE_SETNULLS 45E5F0,401198
ClaRUN.dll:Cla$FILE_SET_PROPERTY 45E5F4
ClaRUN.dll:Cla$FILE_WATCH 45E5F8,4011A0
ClaRUN.dll:Cla$FOCUS 45E5FC,4011A8
ClaRUN.dll:Cla$FORWARDKEY 45E600,4011B0
ClaRUN.dll:Cla$FREEqueue 45E604
ClaRUN.dll:Cla$FREEqueuea 45E608,4011B8
ClaRUN.dll:Cla$freestr 45E60C
ClaRUN.dll:Cla$FreeUfo 45E610
ClaRUN.dll:Cla$freewindow 45E614
ClaRUN.dll:Cla$GETINI 45E618,4011C0
ClaRUN.dll:Cla$GETPOSITIONw 45E61C,4011C8
ClaRUN.dll:Cla$GetPropS 45E620
ClaRUN.dll:Cla$GETqueuekey 45E624,4011D0
ClaRUN.dll:Cla$GETqueueptr 45E628
ClaRUN.dll:Cla$GETqueueskey 45E62C
ClaRUN.dll:Cla$GETREG 45E630,4011D8
ClaRUN.dll:Cla$Group2Ufo 45E634
ClaRUN.dll:Cla$HALT 45E638,4011E0
ClaRUN.dll:Cla$HIDE 45E63C,4011E8
ClaRUN.dll:Cla$init 45E640
ClaRUN.dll:Cla$INSTANCE 45E644,4011F0
ClaRUN.dll:Cla$IsUfoString 45E648,4011F8
ClaRUN.dll:Cla$KEYCHAR 45E64C,401200
ClaRUN.dll:Cla$KEYCODE 45E650,401208
ClaRUN.dll:Cla$KEY_GET_PROPERTY 45E654
ClaRUN.dll:Cla$loadbtdate 45E658
ClaRUN.dll:Cla$LOGOUT 45E65C,401210
ClaRUN.dll:Cla$longtostr 45E660
ClaRUN.dll:Cla$Mem2Ufo 45E664
ClaRUN.dll:Cla$MessageBox 45E668,401218
ClaRUN.dll:Cla$MONTH 45E66C,401220
ClaRUN.dll:Cla$MOUSEX 45E670,401228
ClaRUN.dll:Cla$MOUSEY 45E674,401230
ClaRUN.dll:Cla$NewMemB 45E678
ClaRUN.dll:Cla$NewMemT 45E67C
ClaRUN.dll:Cla$NEWqueue 45E680
ClaRUN.dll:Cla$NOTIFICATION 45E684,401238
ClaRUN.dll:Cla$OPENowned 45E688,401240
ClaRUN.dll:Cla$OPENwindow 45E68C,401248
ClaRUN.dll:Cla$paopen 45E690,401250
ClaRUN.dll:Cla$pmopen 45E694,401258
ClaRUN.dll:Cla$POINTERqueue 45E698,401260
ClaRUN.dll:Cla$PopAString 45E69C
ClaRUN.dll:Cla$PopBind 45E6A0,401268
ClaRUN.dll:Cla$PopCString 45E6A4
ClaRUN.dll:Cla$PopReal 45E6A8
ClaRUN.dll:Cla$PopString 45E6AC
ClaRUN.dll:Cla$PopTemp 45E6B0
ClaRUN.dll:Cla$POPUP 45E6B4,401270
ClaRUN.dll:Cla$POST 45E6B8,401278
ClaRUN.dll:Cla$PRESSKEY 45E6BC,401280
ClaRUN.dll:Cla$PRINTreport 45E6C0
ClaRUN.dll:Cla$propen 45E6C4,401288
ClaRUN.dll:Cla$PushAString 45E6C8
ClaRUN.dll:Cla$PushBind 45E6CC,401290
ClaRUN.dll:Cla$PushCString 45E6D0
ClaRUN.dll:Cla$PushLong 45E6D4
ClaRUN.dll:Cla$PushPictDec 45E6D8
ClaRUN.dll:Cla$PushPictLong 45E6DC
ClaRUN.dll:Cla$PushString 45E6E0
ClaRUN.dll:Cla$PushUfo 45E6E4
ClaRUN.dll:Cla$PUTINI 45E6E8,401298
ClaRUN.dll:Cla$PUTqueue 45E6EC
ClaRUN.dll:Cla$PUTREG 45E6F0,4012A0
ClaRUN.dll:Cla$pwopen 45E6F4,4012A8
ClaRUN.dll:Cla$QUOTE 45E6F8,4012B0
ClaRUN.dll:Cla$RECORDSqueue 45E6FC,4012B8
ClaRUN.dll:Cla$RefAssignAny 45E700
ClaRUN.dll:Cla$REGULAR 45E704,4012C0
ClaRUN.dll:Cla$RemoveFile 45E708,4012C8
ClaRUN.dll:Cla$ROLLBACK 45E70C,4012D0
ClaRUN.dll:Cla$rterr 45E710,4012D8
ClaRUN.dll:Cla$SELECT 45E714,4012E0
ClaRUN.dll:Cla$SETCURSOR 45E718,4012E8
ClaRUN.dll:Cla$SETKEYCODE 45E71C,4012F0
ClaRUN.dll:Cla$SETLAYOUT 45E720,4012F8
ClaRUN.dll:Cla$SETPOSITION 45E724,401300
ClaRUN.dll:Cla$SETPOSITIONw 45E728,401308
ClaRUN.dll:Cla$SetPropF 45E72C
ClaRUN.dll:Cla$SetPropS 45E730
ClaRUN.dll:Cla$SetPropV 45E734
ClaRUN.dll:Cla$SETTARGET 45E738,401310
ClaRUN.dll:Cla$SORTqueuekey 45E73C,401318
ClaRUN.dll:Cla$SORTqueueskey 45E740
ClaRUN.dll:Cla$Stack2DStack 45E744
ClaRUN.dll:Cla$Stack2Ufo 45E748
ClaRUN.dll:Cla$StackCLIP 45E74C,401320
ClaRUN.dll:Cla$StackCompareN 45E750
ClaRUN.dll:Cla$StackCompareNEQ 45E754
ClaRUN.dll:Cla$StackCompareR 45E758
ClaRUN.dll:Cla$StackConcat 45E75C
ClaRUN.dll:Cla$StackConcatR 45E760
ClaRUN.dll:Cla$StackDEFORMAT2 45E764
ClaRUN.dll:Cla$StackErrstr 45E768,401328
ClaRUN.dll:Cla$StackHeap 45E76C
ClaRUN.dll:Cla$StackINLIST 45E770
ClaRUN.dll:Cla$StackINSTRING 45E774,401330
ClaRUN.dll:Cla$StackLEFT 45E778,401338
ClaRUN.dll:Cla$StackLen 45E77C,401340
ClaRUN.dll:Cla$StackNUMERIC 45E780,401348
ClaRUN.dll:Cla$STACKpop 45E784
ClaRUN.dll:Cla$StackRotate 45E788
ClaRUN.dll:Cla$StackSUB 45E78C,401350
ClaRUN.dll:Cla$StackUPPER 45E790,401358
ClaRUN.dll:Cla$START 45E794,401360
ClaRUN.dll:Cla$START2 45E798,401368
ClaRUN.dll:Cla$StartEventLoop 45E79C
ClaRUN.dll:Cla$StashBP 45E7A0
ClaRUN.dll:Cla$storebtdate 45E7A4
ClaRUN.dll:Cla$storecstr 45E7A8
ClaRUN.dll:Cla$storestr 45E7AC
ClaRUN.dll:Cla$String2Ref 45E7B0
ClaRUN.dll:Cla$THREAD 45E7B4,401370
ClaRUN.dll:Cla$THREAD_FILE 45E7B8
ClaRUN.dll:Cla$TODAY 45E7BC,401378
ClaRUN.dll:Cla$Ufo2Real 45E7C0
ClaRUN.dll:Cla$UfoCompareN 45E7C4
ClaRUN.dll:Cla$Ufodistinct 45E7C8
ClaRUN.dll:Cla$UNHIDE 45E7CC,401380
ClaRUN.dll:Cla$UNREGISTEREVENT 45E7D0,401388
ClaRUN.dll:Cla$UPDATE 45E7D4,401390
ClaRUN.dll:Cla$VIEW_RESETvf 45E7D8,401398
ClaRUN.dll:Cla$VIEW_SETvl 45E7DC,4013A0
ClaRUN.dll:Cla$WHAT 45E7E0,4013A8
ClaRUN.dll:Cla$WHATqueue 45E7E4,4013B0
ClaRUN.dll:Cla$WHOqueue 45E7E8,4013B8
ClaRUN.dll:Cla$YEAR 45E7EC,4013C0
ClaRUN.dll:NewCriticalSection 45E7F0,4013C8
ClaRUN.dll:THR$GetInstance 45E7F4,4013D0
ClaRUN.dll:VIEWDRIVER 45E7F8
ClaRUN.dll:_exit 45E7FC,4013D8
ClaRUN.dll:_fnsplit 45E800,4013E0
ClaRUN.dll:_free 45E804
ClaRUN.dll:_malloc 45E808
ClaRUN.dll:__sysinit 45E80C,4013E8
ClaRUN.dll:__sysstart 45E810,4013F0
ClaTPS.dll:TOPSPEED 45E820
KERNEL32.dll:MulDiv 45E830,4013F8



Entry Point:   437214